Traceback (most recent call last):
  File "/Applications/Xcode.app/Contents/Developer/Library/Frameworks/Python3.framework/Versions/3.9/lib/python3.9/runpy.py", line 197, in _run_module_as_main
    return _run_code(code, main_globals, None,
  File "/Applications/Xcode.app/Contents/Developer/Library/Frameworks/Python3.framework/Versions/3.9/lib/python3.9/runpy.py", line 87, in _run_code
    exec(code, run_globals)
  File "/Users/arseniyabramidze/mini-worldgrad/microworld-runtime/worldpgt/knowledge_pump/wikidata_pipeline_v1.py", line 19, in <module>
    from worldpgt.benchmarks.open_book_qa.dataset import _norm, load_experimental_relations, relation_id
  File "/Users/arseniyabramidze/mini-worldgrad/microworld-runtime/worldpgt/benchmarks/open_book_qa/dataset.py", line 16, in <module>
    from worldpgt.api import server
  File "/Users/arseniyabramidze/mini-worldgrad/microworld-runtime/worldpgt/api/server.py", line 24, in <module>
    from fastapi import FastAPI
ModuleNotFoundError: No module named 'fastapi'
Traceback (most recent call last):
  File "/Applications/Xcode.app/Contents/Developer/Library/Frameworks/Python3.framework/Versions/3.9/lib/python3.9/runpy.py", line 197, in _run_module_as_main
    return _run_code(code, main_globals, None,
  File "/Applications/Xcode.app/Contents/Developer/Library/Frameworks/Python3.framework/Versions/3.9/lib/python3.9/runpy.py", line 87, in _run_code
    exec(code, run_globals)
  File "/Users/arseniyabramidze/mini-worldgrad/microworld-runtime/worldpgt/knowledge_pump/overnight_summary_v1.py", line 9, in <module>
    from worldpgt.benchmarks.open_book_qa.dataset import _norm
  File "/Users/arseniyabramidze/mini-worldgrad/microworld-runtime/worldpgt/benchmarks/open_book_qa/dataset.py", line 16, in <module>
    from worldpgt.api import server
  File "/Users/arseniyabramidze/mini-worldgrad/microworld-runtime/worldpgt/api/server.py", line 24, in <module>
    from fastapi import FastAPI
ModuleNotFoundError: No module named 'fastapi'
